// Jest Snapshot v1, https://goo.gl/fbAQLP

exports[`AddTodo renders correctly 1`] = `
Array [
  <input
    onChange={[Function]}
    value=""
  />,
  <button
    onClick={[Function]}
  >
    Add
  </button>,
]
`;
